ATARI LINKM V6.1 LOAD MAP   22-FEB-83   08:55:16 
VX2:BBSTRD.LDA 

VX2:BBSTRD,VX3:LINK.LST/L/R=BBMAIN,BBPROC,BBSMRT,BBWAVE/C
BBPOKY,BBWEB,BBFLY,BBSCOR,BBHITS,COIN65/C
BBEARM,BBPIX,BBTEXT,BBLANG,BBPOWR,BBAVGT/C
BBXYSG,BBCHKS

File Summary:
    Name	Title	Ident	Creation Date/Time   Langauge statistics
VX2:BBMAIN      BBMAIN          22-FEB-83  08:26:41  MAC65   
VX2:BBPROC      BBPROC          22-FEB-83  08:27:21  MAC65   
VX2:BBSMRT      BBSMRT          22-FEB-83  08:27:37  MAC65   
VX2:BBWAVE      BBWAVE          22-FEB-83  08:28:16  MAC65   
VX2:BBPOKY      BBPOKY          22-FEB-83  08:28:42  MAC65   
VX2:BBWEB       BBWEB           22-FEB-83  08:29:16  MAC65   
VX2:BBFLY       BBFLY           22-FEB-83  08:29:28  MAC65   
VX2:BBSCOR      BBSCOR          22-FEB-83  08:29:57  MAC65   
VX2:BBHITS      BBHITS          22-FEB-83  08:30:14  MAC65   
VX2:COIN65      .MAIN.          22-FEB-83  08:30:39  MAC65   
VX2:BBEARM      BBEARM          22-FEB-83  08:30:59  MAC65   
VX2:BBPIX       VGUT16          22-FEB-83  08:31:22  MAC65   
VX2:BBTEXT      BBTEXT          22-FEB-83  08:35:00  MAC65   
VX2:BBLANG      BBLANG          22-FEB-83  08:35:41  MAC65   
VX2:BBPOWR      BBPOWR          22-FEB-83  08:38:01  MAC65   
VX2:BBAVGT      AVG             22-FEB-83  08:38:16  MAC65   
VX2:BBXYSG      XYSIG           22-FEB-83  08:38:56  MAC65   
VX2:BBCHKS      BBCHKS          22-FEB-83  08:54:32  MAC65   

Section Summary:
 Name   Addr    Size    Attributes     References (Files):
. ABS.  0000    A05C    ABS,OVR      BBMAIN  BBPROC  BBSMRT  BBWAVE  BBPOKY  BBWEB   BBFLY   BBSCOR  BBHITS  COIN65  BBEARM  BBPIX 
                                     BBTEXT  BBLANG  BBPOWR  BBAVGT  BBXYSG  
        A05C    027B    REL,CON      BBPROC  
        A2D7    0EED    REL,CON      BBSMRT  
        B1C4    087D    REL,CON      BBWAVE  
        BA41    03F9    REL,CON      BBPOKY  
        BE3A    0128    REL,CON      BBWEB   
        BF62    0AB7    REL,CON      BBFLY   
        CA19    03EA    REL,CON      BBSCOR  
        CE03    075F    REL,CON      BBHITS  
        D562    010F    REL,CON      COIN65  
        D671    0131    REL,CON      BBEARM  
        D7A2    01D0    REL,CON      BBPIX   
        D972    0536    REL,CON      BBTEXT  
        DEA8    08B7    REL,CON      BBLANG  
        E75F    0174    REL,CON      BBPOWR  
        E8D3    052C    REL,CON      BBAVGT  
XYSIG   EDFF    0133    REL,OVR      BBXYSG  

Global Symbol Summary:
 Name	Value    References (Files):
ANTSCR  C846     BBFLY#  BBHITS  
ATAN    A269     BBPROC# BBSMRT  BBHITS  
BD0LNK  2800     BBPIX#  
BD8LNK  2900     BBPIX#  
BITABL  A1C2     BBPROC# BBFLY   
BONUS   2F5A     BBMAIN  BBPIX#  
CCREDT  DE6F     BBTEXT# 
ATARI LINKM V6.1 LOAD MAP   22-FEB-83   08:55:16 
VX2:BBSTRD.LDA 

CENTER  D556     BBFLY   BBHITS# 
CHARF1  5C4A     BBPIX#  
CHARI1  5C6A     BBPIX#  
CHARI2  5C6E     BBPIX#  
CHARU1  5CE6     BBPIX#  
CHARU2  5CE8     BBPIX#  
CHAR.   5CA4     BBPIX#  
CHAR.A  5C00     BBPIX#  
CHAR.B  5C10     BBPIX#  
CHAR.C  5C28     BBPIX#  
CHAR.D  5C30     BBPIX#  
CHAR.E  5C3E     BBPIX#  
CHAR.F  5C42     BBPIX#  
CHAR.G  5C4E     BBPIX#  
CHAR.H  5C5C     BBPIX#  
CHAR.I  5C66     BBPIX#  
CHAR.J  5C74     BBPIX#  
CHAR.K  5C7C     BBPIX#  
CHAR.L  5C88     BBPIX#  
CHAR.M  5C8E     BBPIX#  
CHAR.N  5C96     BBPIX#  
CHAR.O  5C9C     BBPIX#  
CHAR.P  5CA8     BBPIX#  
CHAR.Q  5CB2     BBPIX#  
CHAR.R  5CC2     BBPIX#  
CHAR.S  5CD0     BBPIX#  
CHAR.T  5CDC     BBPIX#  
CHAR.U  5CE0     BBPIX#  
CHAR.V  5CEC     BBPIX#  
CHAR.W  5CF4     BBPIX#  
CHAR.X  5CFE     BBPIX#  
CHAR.Y  5D06     BBPIX#  
CHAR.Z  5D14     BBPIX#  
CHAR01  5CA2     BBPIX#  
CHEAT   CECF     BBMAIN  BBHITS# 
CHKSM0  2DC0     BBPIX#  
CHKSM1  3572     BBPIX#  
CHKSM2  4536     BBPIX#  
CHKSM3  552C     BBPIX#  
CHKSM4  99A4     BBMAIN# 
CHKSM5  A2D7     BBSMRT# 
CHKSM6  B1C4     BBWAVE# 
CHKSM7  CA19     BBSCOR# 
CHKSM8  D562     COIN65# 
CHKSM9  E75D     BBLANG# 
CIRCLE  2EC0     BBPIX#  
CKUM5   BA41     BBPOKY# 
CLPAT   5EBA     BBPIX#  BBAVGT  
CLPT2   5EC0     BBPIX#  BBAVGT  
CL73    5EDE     BBPIX#  BBAVGT  
COLETR  CDF2     BBMAIN  BBSCOR# 
DANCES  B1C6     BBSMRT  BBWAVE# 
DEATH   99A6     BBMAIN# BBSMRT  
DELTAS  BE3A     BBMAIN  BBWAVE  BBWEB#  
DIST2R  BF6E     BBFLY#  BBHITS  
DLR0    2F16     BBPIX#  BBTEXT  
DMYSCR  D869     BBMAIN  BBPIX#  
ATARI LINKM V6.1 LOAD MAP   22-FEB-83   08:55:16 
VX2:BBSTRD.LDA 

DOSTA   D85B     BBMAIN  BBWEB   BBPIX#  
DOWEB   BE76     BBMAIN  BBWEB#  
DPROC   A0C7     BBMAIN  BBPROC# 
DSCORE  C91D     BBFLY#  
EABAD   012D     BBMAIN# BBPROC# BBSMRT# BBWAVE# BBPOKY# BBWEB#  BBFLY#  BBSCOR# BBHITS# COIN65# BBEARM# BBPIX#  BBTEXT# BBLANG
                 BBPOWR# BBAVGT  
EAFLG   012E     BBMAIN# BBPROC# BBSMRT# BBWAVE# BBPOKY# BBWEB#  BBFLY#  BBSCOR# BBHITS# COIN65# BBEARM# BBPIX#  BBTEXT# BBLANG
                 BBPOWR# BBAVGT  
EAREQU  012B     BBMAIN# BBPROC# BBSMRT# BBWAVE# BBPOKY# BBWEB#  BBFLY#  BBSCOR# BBHITS# COIN65# BBEARM# BBPIX#  BBTEXT# BBLANG
                 BBPOWR# BBAVGT  
EARWRQ  012C     BBMAIN# BBPROC# BBSMRT# BBWAVE# BBPOKY# BBWEB#  BBFLY#  BBSCOR# BBHITS# COIN65# BBEARM# BBPIX#  BBTEXT# BBLANG
                 BBPOWR# BBAVGT  
EAUPD   D6B3     BBEARM# BBPOWR  
EAZBOO  D681     BBEARM# 
EAZERO  D689     BBMAIN  BBEARM# BBAVGT  
EAZHIS  D685     BBEARM# 
ENGMSG  DEA8     BBLANG# 
FACES   5666     BBPIX#  BBTEXT  
FDIGIT  CC3F     BBMAIN  BBSCOR# 
FINDHS  CC90     BBMAIN  BBSCOR# 
FITMOR  D51F     BBFLY   BBHITS# 
FITWEB  D503     BBFLY   BBHITS# 
FLYMUV  C3DE     BBSMRT  BBFLY#  BBHITS  
FLYTRN  C9B4     BBSMRT  BBFLY#  BBHITS  
FRBOX   5E22     BBPIX#  BBAVGT  
FRCFL   5E20     BBPIX#  BBAVGT  
GENADR  D879     BBPIX#  
HALFER  5F52     BBPIX#  BBTEXT  
HATCH   5E38     BBPIX#  
HDGFLT  B131     BBSMRT# 
HEXBCD  DCA1     BBMAIN  BBSCOR  BBTEXT# 
HLINE   5EF6     BBPIX#  BBAVGT  
HLNRTN  5F3A     BBPIX#  BBAVGT  
HYSTR   5F04     BBPIX#  BBAVGT  
INILIT  E74E     BBMAIN  BBLANG# 
INISOU  BE0E     BBMAIN  BBPOKY# BBFLY   BBSCOR  BBHITS  
JAW01   2B00     BBPIX#  
JWNG00  2D00     BBPIX#  
KILWAV  9954     BBMAIN# 
LEG00   2A00     BBPIX#  
LITEM   9C3B     BBMAIN# BBSMRT  BBSCOR  
LOGO1   2FA2     BBMAIN  BBPIX#  
LOGO2   3044     BBMAIN  BBPIX#  
MAKEIT  CF30     BBMAIN  BBHITS# 
MAPROA  0032     BBLANG# 
MATARI  002A     BBMAIN  BBTEXT  BBLANG# 
MAVGTM  0038     BBMAIN  BBLANG# 
MBOLIF  0030     BBMAIN  BBLANG# 
MBONUS  0016     BBLANG# 
MCMODE  0022     BBMAIN  BBLANG# 
MCMOD1  0024     BBMAIN  BBLANG# 
MCMOD2  0026     BBMAIN  BBTEXT  BBLANG# 
MCMOD3  0028     BBMAIN  BBLANG# 
MCREDI  002C     BBTEXT  BBLANG# 
MDEASY  003E     BBMAIN  BBLANG# 
MDEMO   003C     BBMAIN  BBLANG# 
MDHARD  0042     BBMAIN  BBLANG# 
ATARI LINKM V6.1 LOAD MAP   22-FEB-83   08:55:16 
VX2:BBSTRD.LDA 

MDMED   0040     BBMAIN  BBLANG# 
MEMCPY  A05C     BBMAIN  BBPROC# BBWAVE  
MENTER  000A     BBMAIN  BBLANG# 
MESG    DCB7     BBMAIN  BBSCOR  BBTEXT# 
MGAMOV  0000     BBMAIN  BBTEXT  BBLANG# 
MGAMZ   0044     BBMAIN  BBLANG# 
MHELP1  0058     BBTEXT  BBLANG# 
MHELP2  005A     BBTEXT  BBLANG# 
MHELP3  005C     BBTEXT  BBLANG# 
MHELP4  005E     BBTEXT  BBLANG# 
MHIGHS  0010     BBSCOR  BBLANG# 
MINSER  0020     BBTEXT  BBLANG# 
MLEVEL  001A     BBMAIN  BBTEXT  BBLANG# 
MLISTR  0036     BBMAIN  BBLANG# 
MMXSTR  003A     BBMAIN  BBLANG# 
MNXTBO  0034     BBTEXT  BBLANG# 
MODSND  BD83     BBPOKY# BBPOWR  
MOOLAH  D564     COIN65# BBPOWR  
MORSE1  B8A7     BBWAVE# 
MPLAY   0008     BBLANG# 
MPLAYR  0002     BBMAIN  BBSCOR  BBTEXT  BBLANG# 
MPLYR2  0004     BBTEXT  BBLANG# 
MPRES1  0006     BBTEXT  BBLANG# 
MPRFIR  000E     BBMAIN  BBLANG# 
MPRMOV  000C     BBMAIN  BBLANG# 
MRATE1  0012     BBTEXT  BBLANG# 
MRATE2  0014     BBTEXT  BBLANG# 
MSGLBS  E028     BBTEXT  BBLANG# 
MSURV1  001C     BBTEXT  BBLANG# 
MSURV2  001E     BBTEXT  BBLANG# 
MTMSG1  0046     BBMAIN  BBLANG# 
MTMSG2  0048     BBMAIN  BBLANG# 
MTMSG3  004A     BBMAIN  BBLANG# 
MTMSG4  004C     BBMAIN  BBLANG# 
MTMSG5  004E     BBMAIN  BBLANG# 
MTMSG6  0050     BBMAIN  BBLANG# 
MTMSG7  0052     BBMAIN  BBLANG# 
MTMSG8  0054     BBMAIN  BBLANG# 
MTMSG9  0056     BBMAIN  BBLANG# 
MTYME   0018     BBTEXT  BBLANG# 
MUL8X8  A067     BBMAIN  BBPROC# BBWEB   
MUTMUV  C3EE     BBSMRT  BBFLY#  BBHITS  
MXWAVE  9C25     BBMAIN# BBPOWR  
M2GAME  002E     BBLANG# 
NCHANL  0010     BBMAIN# BBPROC# BBSMRT# BBWAVE# BBPOKY# BBWEB#  BBFLY#  BBSCOR# BBHITS# COIN65# BBEARM# BBPIX#  BBTEXT# BBLANG
                 BBPOWR# 
NEST    2F40     BBPIX#  
NFLPLY  C3EE     BBFLY#  
OBJTYP  B013     BBSMRT# BBFLY   
PDIGIT  CC43     BBMAIN  BBSCOR# 
PNTRNG  A1CA     BBPROC# BBFLY   
POWERD  9018     BBMAIN# BBPOWR  
PUTZRO  D8A2     BBMAIN  BBPIX#  
QCNTR   D8C9     BBMAIN  BBWEB   BBSCOR  BBPIX#  
QTST6   5EFE     BBPIX#  BBAVGT  
QVCTRL  D8E2     BBMAIN  BBWEB   BBPIX#  
RASTRT  5F46     BBPIX#  BBAVGT  
ATARI LINKM V6.1 LOAD MAP   22-FEB-83   08:55:16 
VX2:BBSTRD.LDA 

REHIIN  D6A9     BBMAIN  